../Core/Src/main.c:219:5:main	8	static
../Core/Src/main.c:545:6:SystemClock_Config	88	static
../Core/Src/main.c:592:13:MX_ADC1_Init	24	static
../Core/Src/main.c:644:13:MX_I2C1_Init	8	static
../Core/Src/main.c:678:13:MX_SPI1_Init	8	static
../Core/Src/main.c:716:13:MX_TIM2_Init	32	static
../Core/Src/main.c:761:13:MX_TIM3_Init	32	static
../Core/Src/main.c:806:13:MX_TIM4_Init	32	static
../Core/Src/main.c:851:13:MX_UART4_Init	8	static
../Core/Src/main.c:884:13:MX_USART2_UART_Init	8	static
../Core/Src/main.c:917:13:MX_USART3_UART_Init	8	static
../Core/Src/main.c:950:13:MX_USART6_UART_Init	8	static
../Core/Src/main.c:981:13:MX_DMA_Init	16	static
../Core/Src/main.c:999:13:MX_GPIO_Init	48	static
../Core/Src/main.c:1048:6:HAL_TIM_PeriodElapsedCallback	16	static
../Core/Src/main.c:1079:6:HAL_UART_RxCpltCallback	16	static
../Core/Src/main.c:1107:6:HAL_ADC_ConvCpltCallback	16	static
../Core/Src/main.c:1116:8:E220_write_register	24	static
../Core/Src/main.c:1137:8:E220_read_register	24	static
../Core/Src/main.c:1157:6:imu_offset	16	static
../Core/Src/main.c:1175:6:imu_filter_calculate	32	static
../Core/Src/main.c:1223:6:Altitude_Offset	16	static
../Core/Src/main.c:1237:6:user_delay_ms	16	static
../Core/Src/main.c:1242:6:union_converter	64	static
../Core/Src/main.c:1330:6:EGU_Buff_Load	4	static
../Core/Src/main.c:1353:6:Flash_buff_fill	4	static
../Core/Src/main.c:1413:8:user_i2c_read	24	static
../Core/Src/main.c:1421:8:user_i2c_write	32	static
../Core/Src/main.c:1436:7:BME280_Get_Altitude	24	static
../Core/Src/main.c:1452:6:Error_Handler	4	static,ignoring_inline_asm
