../Core/Src/main.c:224:5:main	18
../Core/Src/main.c:469:6:SystemClock_Config	3
../Core/Src/main.c:516:13:MX_ADC1_Init	3
../Core/Src/main.c:568:13:MX_I2C1_Init	2
../Core/Src/main.c:602:13:MX_SPI1_Init	2
../Core/Src/main.c:640:13:MX_TIM2_Init	4
../Core/Src/main.c:685:13:MX_TIM3_Init	4
../Core/Src/main.c:730:13:MX_TIM4_Init	4
../Core/Src/main.c:775:13:MX_UART4_Init	2
../Core/Src/main.c:808:13:MX_USART2_UART_Init	2
../Core/Src/main.c:841:13:MX_USART3_UART_Init	2
../Core/Src/main.c:874:13:MX_USART6_UART_Init	2
../Core/Src/main.c:905:13:MX_DMA_Init	1
../Core/Src/main.c:923:13:MX_GPIO_Init	1
../Core/Src/main.c:972:6:HAL_TIM_PeriodElapsedCallback	5
../Core/Src/main.c:1003:6:HAL_UART_RxCpltCallback	7
../Core/Src/main.c:1031:6:HAL_ADC_ConvCpltCallback	2
../Core/Src/main.c:1041:8:E220_write_register	5
../Core/Src/main.c:1062:8:E220_read_register	4
../Core/Src/main.c:1082:6:imu_offset	2
../Core/Src/main.c:1100:6:imu_filter_calculate	1
../Core/Src/main.c:1148:6:Altitude_Offset	3
../Core/Src/main.c:1162:6:user_delay_ms	1
../Core/Src/main.c:1167:6:union_converter	12
../Core/Src/main.c:1255:6:EGU_Buff_Load	1
../Core/Src/main.c:1278:6:Flash_buff_fill	4
../Core/Src/main.c:1338:6:Flash_Write_all	2
../Core/Src/main.c:1370:8:user_i2c_read	3
../Core/Src/main.c:1378:8:user_i2c_write	2
../Core/Src/main.c:1393:7:BME280_Get_Altitude	1
../Core/Src/main.c:1409:6:Error_Handler	1
